carlos@Neverhood:~/FaMAF/Redes_Neuronales$ make test
gcc -MM mzran13.c prueba1.c test.c >.depend
gcc -O3 -fopenmp -g -std=c99 -D_XOPEN_SOURCE=600 -Wall -ansi -pedantic -Wmissing-declarations -Wcast-qual -Wstrict-prototypes -Wdeclaration-after-statement -Wmissing-prototypes -Wno-unused-parameter -Werror   -c -o test.o test.c
make: Circular test <- test dependency dropped.
gcc -O3 -fopenmp -g -std=c99 -D_XOPEN_SOURCE=600 -Wall -ansi -pedantic -Wmissing-declarations -Wcast-qual -Wstrict-prototypes -Wdeclaration-after-statement -Wmissing-prototypes -Wno-unused-parameter -Werror mzran13.o test.o -o test
./test ; rm test test.o ; echo "\nFin de las pruebas"

Caso: random() + PAD + branching
Tiempo total: 5.580 seg

Caso: random() + PAD
Tiempo total: 5.580 seg

Caso: random() + %2 + branching
Tiempo total: 5.590 seg

Caso: random() + %2
Tiempo total: 5.580 seg

Caso: mzran13() + PAD + branching
Tiempo total: 5.620 seg

Caso: mzran13() + PAD
Tiempo total: 5.620 seg

Caso: mzran13() + %2 + branching
Tiempo total: 3.950 seg

Caso: mzran13() + %2
Tiempo total: 3.980 seg

Fin de las pruebas
carlos@Neverhood:~/FaMAF/Redes_Neuronales$ 